---
source: src/widgets/issue_list.rs
expression: terminal.backend()
---
"┌──────────────────────────────────────────────────────────┐"
"│No issues found                                           │"
"│                                                          │"
"│                                                          │"
"│                                                          │"
"│                                                          │"
"│                                                          │"
"│                                                          │"
"│                                                          │"
"│                                                          │"
"│                                                          │"
"│                                                          │"
"│                                                          │"
"│                                                          │"
"│                                                          │"
"│                                                          │"
"│                                                          │"
"│                                                          │"
"│                                                          │"
"└ <j/k> to select ─ <⁄> to search──────────────────────────┘"
