---
source: src/widgets/issue_list.rs
expression: terminal.backend()
---
"┌──────────────────────────────────────────────────────────┐"
"│|                                                         │"
"└──────────────────────────────────────────────────────────┘"
"┌──────────────────────────────────────────────────────────┐"
"│ Ticket One                                               │"
"│ TEST-1                                              󱥸   󰀧│"
"│>Ticket Two                                               │"
"│ TEST-2                                              󱥸   󰀧│"
"│                                                          │"
"│                                                          │"
"│                                                          │"
"│                                                          │"
"│                                                          │"
"│                                                          │"
"│                                                          │"
"│                                                          │"
"│                                                          │"
"│                                                          │"
"│                                                          │"
"└ <j/k> to select ─ <⁄> to search──────────────────────────┘"
