---
source: src/widgets/issue_list.rs
expression: terminal.backend()
---
"┌──────────────────────────────────────────────────────────┐"
"│                                                          │"
"│                                                          │"
"│                                                          │"
"│                                                          │"
"│                                                          │"
"│                                                          │"
"│                                                          │"
"│                                                          │"
"│                                                          │"
"│                                                          │"
"│                                                          │"
"│                                                          │"
"│                                                          │"
"│                                                          │"
"│                                                          │"
"│                                                          │"
"│                                                          │"
"│                                                          │"
"└ <j>/<k> to select issue  ──  < / > to search ────────────┘"
